Router>ena
Router#conf t
Enter configuration commands, one per line.  End with CNTL/Z.
Router(config)#hostname R1
R1(config)#no ip domain-lookup
R1(config)#enable secret class
R1(config)#line console 0
R1(config-line)#password cisco
R1(config-line)#login
R1(config-line)#exit
R1(config)#
R1(config)#line vty 0 4
R1(config-line)# password cisco
R1(config-line)#login
R1(config-line)#exit
R1(config)#
R1(config)#service password-encryption
R1(config)#
R1(config)#banner motd $ Authorized Users Only! $
R1(config)#
R1(config)#interface g0/0/0
R1(config-if)#ip address 209.165.200.230 255.255.255.248
R1(config-if)#no shutdown

R1(config-if)#
%LINK-5-CHANGED: Interface GigabitEthernet0/0/0, changed state to up

R1(config-if)#interface g0/0/1
R1(config-if)#ip address 192.168.1.1 255.255.255.0
R1(config-if)# no shutdown

R1(config-if)#
%LINK-5-CHANGED: Interface GigabitEthernet0/0/1, changed state to up

%LINEPROTO-5-UPDOWN: Line protocol on Interface GigabitEthernet0/0/1, changed state to up

R1(config-if)#exit
R1(config)#
%LINEPROTO-5-UPDOWN: Line protocol on Interface GigabitEthernet0/0/0, changed state to up
%IP-4-DUPADDR: Duplicate address 209.165.200.230 on GigabitEthernet0/0/0, sourced by 000A.F38C.3201
%IP-4-DUPADDR: Duplicate address 209.165.200.230 on GigabitEthernet0/0/0, sourced by 000A.F38C.3201

R1(config)#ip route 0.0.0.0 0.0.0.0 209.165.200.225
R1(config)#exit
R1#
%SYS-5-CONFIG_I: Configured from console by console

R1#copy running-config startup-config
Destination filename [startup-config]? 
Building configuration...
[OK]
R1#

R1>ena
Password: 
Password: 
R1#
R1#ena
R1#conf t
Enter configuration commands, one per line.  End with CNTL/Z.
R1(config)#access-list 1 permit 192.168.1.0 0.0.0.255 
R1(config)#
R1(config)#ip nat pool PUBLIC_ACCESS 209.165.200.226 209.165.200.228 netmask 255.255.255.248 
R1(config)#
R1(config)#R1(config)# ip nat inside source list 1 pool PUBLIC_ACCESS 
            ^
% Invalid input detected at '^' marker.
	
R1(config)#ip nat inside source list 1 pool PUBLIC_ACCESS 
R1(config)#
R1(config)#interface g0/0/1 
R1(config-if)#ip nat inside 
R1(config-if)#
R1(config-if)#exit
R1(config)#
R1(config)#interface g0/0/0 
R1(config-if)#ip nat outside 
R1(config-if)#
R1#

R1#show ip nat translations
R1#show ip nat translations
Pro  Inside global     Inside local       Outside local      Outside global
icmp 209.165.200.226:4 192.168.1.2:4      209.165.200.225:4  209.165.200.225:4
icmp 209.165.200.227:14192.168.1.3:14     209.165.200.225:14 209.165.200.225:14
icmp 209.165.200.227:15192.168.1.3:15     209.165.200.1:15   209.165.200.1:15
icmp 209.165.200.227:16192.168.1.3:16     209.165.200.1:16   209.165.200.1:16
icmp 209.165.200.227:17192.168.1.3:17     209.165.200.1:17   209.165.200.1:17
icmp 209.165.200.227:18192.168.1.3:18     209.165.200.1:18   209.165.200.1:18
icmp 209.165.200.227:19192.168.1.3:19     209.165.200.225:19 209.165.200.225:19

R1#
R1#
R1#
R1#show ip nat translations
R1#show ip nat translations
R1#
R1#show ip nat translations
Pro  Inside global     Inside local       Outside local      Outside global
icmp 209.165.200.227:5 192.168.1.2:5      209.165.200.1:5    209.165.200.1:5
icmp 209.165.200.227:6 192.168.1.2:6      209.165.200.1:6    209.165.200.1:6
icmp 209.165.200.227:7 192.168.1.2:7      209.165.200.1:7    209.165.200.1:7
icmp 209.165.200.227:8 192.168.1.2:8      209.165.200.1:8    209.165.200.1:8

R1#
R1#show ip nat translations
R1#show ip nat translations
R1#show ip nat translations
Pro  Inside global     Inside local       Outside local      Outside global
icmp 209.165.200.228:10192.168.1.11:10    209.165.200.1:10   209.165.200.1:10
icmp 209.165.200.228:6 192.168.1.11:6     209.165.200.1:6    209.165.200.1:6
icmp 209.165.200.228:7 192.168.1.11:7     209.165.200.1:7    209.165.200.1:7
icmp 209.165.200.228:8 192.168.1.11:8     209.165.200.1:8    209.165.200.1:8
icmp 209.165.200.228:9 192.168.1.11:9     209.165.200.1:9    209.165.200.1:9

R1#show ip nat translations
Pro  Inside global     Inside local       Outside local      Outside global
icmp 209.165.200.228:11192.168.1.11:11    209.165.200.1:11   209.165.200.1:11
icmp 209.165.200.228:12192.168.1.11:12    209.165.200.1:12   209.165.200.1:12
icmp 209.165.200.228:13192.168.1.11:13    209.165.200.1:13   209.165.200.1:13
icmp 209.165.200.228:14192.168.1.11:14    209.165.200.1:14   209.165.200.1:14
icmp 209.165.200.228:15192.168.1.11:15    209.165.200.1:15   209.165.200.1:15

R1#
R1#clear ip nat translation *

R1#show ip nat translations
Pro  Inside global     Inside local       Outside local      Outside global
icmp 209.165.200.228:24192.168.1.3:24     209.165.200.1:24   209.165.200.1:24
icmp 209.165.200.228:25192.168.1.3:25     209.165.200.1:25   209.165.200.1:25
icmp 209.165.200.228:26192.168.1.3:26     209.165.200.1:26   209.165.200.1:26
icmp 209.165.200.228:27192.168.1.3:27     209.165.200.1:27   209.165.200.1:27

R1#show ip nat translations
Pro  Inside global     Inside local       Outside local      Outside global
icmp 209.165.200.228:13192.168.1.2:13     209.165.200.1:13   209.165.200.1:13
icmp 209.165.200.228:14192.168.1.2:14     209.165.200.1:14   209.165.200.1:14
icmp 209.165.200.228:15192.168.1.2:15     209.165.200.1:15   209.165.200.1:15
icmp 209.165.200.228:16192.168.1.2:16     209.165.200.1:16   209.165.200.1:16

R1#

R1#show ip nat translations
Pro  Inside global     Inside local       Outside local      Outside global
icmp 209.165.200.228:24192.168.1.3:24     209.165.200.1:24   209.165.200.1:24
icmp 209.165.200.228:25192.168.1.3:25     209.165.200.1:25   209.165.200.1:25
icmp 209.165.200.228:26192.168.1.3:26     209.165.200.1:26   209.165.200.1:26
icmp 209.165.200.228:27192.168.1.3:27     209.165.200.1:27   209.165.200.1:27

R1#show ip nat translations
Pro  Inside global     Inside local       Outside local      Outside global
icmp 209.165.200.228:13192.168.1.2:13     209.165.200.1:13   209.165.200.1:13
icmp 209.165.200.228:14192.168.1.2:14     209.165.200.1:14   209.165.200.1:14
icmp 209.165.200.228:15192.168.1.2:15     209.165.200.1:15   209.165.200.1:15
icmp 209.165.200.228:16192.168.1.2:16     209.165.200.1:16   209.165.200.1:16

R1#show ip nat translations
Pro  Inside global     Inside local       Outside local      Outside global
icmp 209.165.200.228:100192.168.1.3:100    209.165.200.1:100  209.165.200.1:100
icmp 209.165.200.228:101192.168.1.3:101    209.165.200.1:101  209.165.200.1:101
icmp 209.165.200.228:1024192.168.1.2:88     209.165.200.1:88   209.165.200.1:1024
icmp 209.165.200.228:1025192.168.1.2:89     209.165.200.1:89   209.165.200.1:1025
icmp 209.165.200.228:1026192.168.1.2:90     209.165.200.1:90   209.165.200.1:1026
icmp 209.165.200.228:1027192.168.1.2:91     209.165.200.1:91   209.165.200.1:1027
icmp 209.165.200.228:1028192.168.1.2:92     209.165.200.1:92   209.165.200.1:1028
icmp 209.165.200.228:1029192.168.1.2:93     209.165.200.1:93   209.165.200.1:1029
icmp 209.165.200.228:102192.168.1.3:102    209.165.200.1:102  209.165.200.1:102
icmp 209.165.200.228:1030192.168.1.2:94     209.165.200.1:94   209.165.200.1:1030
icmp 209.165.200.228:1031192.168.1.2:95     209.165.200.1:95   209.165.200.1:1031
icmp 209.165.200.228:1032192.168.1.2:96     209.165.200.1:96   209.165.200.1:1032
icmp 209.165.200.228:1033192.168.1.2:97     209.165.200.1:97   209.165.200.1:1033
icmp 209.165.200.228:1034192.168.1.2:98     209.165.200.1:98   209.165.200.1:1034
icmp 209.165.200.228:1035192.168.1.2:99     209.165.200.1:99   209.165.200.1:1035
icmp 209.165.200.228:1036192.168.1.2:100    209.165.200.1:100  209.165.200.1:1036
icmp 209.165.200.228:1037192.168.1.2:101    209.165.200.1:101  209.165.200.1:1037
icmp 209.165.200.228:1038192.168.1.2:102    209.165.200.1:102  209.165.200.1:1038
icmp 209.165.200.228:1039192.168.1.2:103    209.165.200.1:103  209.165.200.1:1039
icmp 209.165.200.228:103192.168.1.3:103    209.165.200.1:103  209.165.200.1:103
icmp 209.165.200.228:1040192.168.1.2:104    209.165.200.1:104  209.165.200.1:1040
icmp 209.165.200.228:1041192.168.1.2:105    209.165.200.1:105  209.165.200.1:1041
icmp 209.165.200.228:1042192.168.1.2:106    209.165.200.1:106  209.165.200.1:1042
icmp 209.165.200.228:1043192.168.1.2:107    209.165.200.1:107  209.165.200.1:1043
icmp 209.165.200.228:1044192.168.1.2:108    209.165.200.1:108  209.165.200.1:1044
icmp 209.165.200.228:1045192.168.1.2:109    209.165.200.1:109  209.165.200.1:1045
icmp 209.165.200.228:1046192.168.1.2:110    209.165.200.1:110  209.165.200.1:1046
icmp 209.165.200.228:1047192.168.1.2:111    209.165.200.1:111  209.165.200.1:1047
icmp 209.165.200.228:1048192.168.1.2:112    209.165.200.1:112  209.165.200.1:1048
icmp 209.165.200.228:1049192.168.1.2:113    209.165.200.1:113  209.165.200.1:1049
icmp 209.165.200.228:104192.168.1.3:104    209.165.200.1:104  209.165.200.1:104
icmp 209.165.200.228:1050192.168.1.2:114    209.165.200.1:114  209.165.200.1:1050
icmp 209.165.200.228:1051192.168.1.2:115    209.165.200.1:115  209.165.200.1:1051
icmp 209.165.200.228:1052192.168.1.2:116    209.165.200.1:116  209.165.200.1:1052
icmp 209.165.200.228:1053192.168.1.2:117    209.165.200.1:117  209.165.200.1:1053
icmp 209.165.200.228:1054192.168.1.2:58     209.165.200.1:58   209.165.200.1:1054
icmp 209.165.200.228:1055192.168.1.2:59     209.165.200.1:59   209.165.200.1:1055
icmp 209.165.200.228:1056192.168.1.2:60     209.165.200.1:60   209.165.200.1:1056
icmp 209.165.200.228:1057192.168.1.2:61     209.165.200.1:61   209.165.200.1:1057
icmp 209.165.200.228:1058192.168.1.2:62     209.165.200.1:62   209.165.200.1:1058
icmp 209.165.200.228:1059192.168.1.2:63     209.165.200.1:63   209.165.200.1:1059
icmp 209.165.200.228:105192.168.1.3:105    209.165.200.1:105  209.165.200.1:105
icmp 209.165.200.228:1060192.168.1.2:64     209.165.200.1:64   209.165.200.1:1060
icmp 209.165.200.228:1061192.168.1.2:65     209.165.200.1:65   209.165.200.1:1061
icmp 209.165.200.228:1062192.168.1.2:66     209.165.200.1:66   209.165.200.1:1062
icmp 209.165.200.228:1063192.168.1.2:67     209.165.200.1:67   209.165.200.1:1063
icmp 209.165.200.228:1064192.168.1.2:68     209.165.200.1:68   209.165.200.1:1064
icmp 209.165.200.228:1065192.168.1.2:69     209.165.200.1:69   209.165.200.1:1065
icmp 209.165.200.228:1066192.168.1.2:70     209.165.200.1:70   209.165.200.1:1066
icmp 209.165.200.228:1067192.168.1.2:71     209.165.200.1:71   209.165.200.1:1067
icmp 209.165.200.228:1068192.168.1.2:72     209.165.200.1:72   209.165.200.1:1068
icmp 209.165.200.228:1069192.168.1.2:73     209.165.200.1:73   209.165.200.1:1069
icmp 209.165.200.228:106192.168.1.3:106    209.165.200.1:106  209.165.200.1:106
icmp 209.165.200.228:1070192.168.1.2:74     209.165.200.1:74   209.165.200.1:1070
icmp 209.165.200.228:1071192.168.1.2:75     209.165.200.1:75   209.165.200.1:1071
icmp 209.165.200.228:1072192.168.1.2:76     209.165.200.1:76   209.165.200.1:1072
icmp 209.165.200.228:1073192.168.1.2:77     209.165.200.1:77   209.165.200.1:1073
icmp 209.165.200.228:1074192.168.1.2:78     209.165.200.1:78   209.165.200.1:1074
icmp 209.165.200.228:1075192.168.1.2:79     209.165.200.1:79   209.165.200.1:1075
icmp 209.165.200.228:1076192.168.1.2:80     209.165.200.1:80   209.165.200.1:1076
icmp 209.165.200.228:1077192.168.1.2:81     209.165.200.1:81   209.165.200.1:1077
icmp 209.165.200.228:1078192.168.1.2:82     209.165.200.1:82   209.165.200.1:1078
icmp 209.165.200.228:1079192.168.1.2:83     209.165.200.1:83   209.165.200.1:1079
icmp 209.165.200.228:107192.168.1.3:107    209.165.200.1:107  209.165.200.1:107
icmp 209.165.200.228:1080192.168.1.2:84     209.165.200.1:84   209.165.200.1:1080
icmp 209.165.200.228:1081192.168.1.2:85     209.165.200.1:85   209.165.200.1:1081
icmp 209.165.200.228:1082192.168.1.2:86     209.165.200.1:86   209.165.200.1:1082
icmp 209.165.200.228:1083192.168.1.2:87     209.165.200.1:87   209.165.200.1:1083
icmp 209.165.200.228:108192.168.1.3:108    209.165.200.1:108  209.165.200.1:108
icmp 209.165.200.228:109192.168.1.3:109    209.165.200.1:109  209.165.200.1:109
icmp 209.165.200.228:110192.168.1.3:110    209.165.200.1:110  209.165.200.1:110
icmp 209.165.200.228:111192.168.1.3:111    209.165.200.1:111  209.165.200.1:111
icmp 209.165.200.228:112192.168.1.3:112    209.165.200.1:112  209.165.200.1:112
icmp 209.165.200.228:113192.168.1.3:113    209.165.200.1:113  209.165.200.1:113
icmp 209.165.200.228:114192.168.1.3:114    209.165.200.1:114  209.165.200.1:114
icmp 209.165.200.228:115192.168.1.3:115    209.165.200.1:115  209.165.200.1:115
icmp 209.165.200.228:116192.168.1.3:116    209.165.200.1:116  209.165.200.1:116
icmp 209.165.200.228:117192.168.1.3:117    209.165.200.1:117  209.165.200.1:117
icmp 209.165.200.228:118192.168.1.3:118    209.165.200.1:118  209.165.200.1:118
icmp 209.165.200.228:119192.168.1.3:119    209.165.200.1:119  209.165.200.1:119
icmp 209.165.200.228:120192.168.1.3:120    209.165.200.1:120  209.165.200.1:120
icmp 209.165.200.228:121192.168.1.3:121    209.165.200.1:121  209.165.200.1:121
icmp 209.165.200.228:62192.168.1.3:62     209.165.200.1:62   209.165.200.1:62
icmp 209.165.200.228:63192.168.1.3:63     209.165.200.1:63   209.165.200.1:63
icmp 209.165.200.228:64192.168.1.3:64     209.165.200.1:64   209.165.200.1:64
icmp 209.165.200.228:65192.168.1.3:65     209.165.200.1:65   209.165.200.1:65
icmp 209.165.200.228:66192.168.1.3:66     209.165.200.1:66   209.165.200.1:66
icmp 209.165.200.228:67192.168.1.3:67     209.165.200.1:67   209.165.200.1:67
icmp 209.165.200.228:68192.168.1.3:68     209.165.200.1:68   209.165.200.1:68
icmp 209.165.200.228:69192.168.1.3:69     209.165.200.1:69   209.165.200.1:69
icmp 209.165.200.228:70192.168.1.3:70     209.165.200.1:70   209.165.200.1:70
icmp 209.165.200.228:71192.168.1.3:71     209.165.200.1:71   209.165.200.1:71
icmp 209.165.200.228:72192.168.1.3:72     209.165.200.1:72   209.165.200.1:72
icmp 209.165.200.228:73192.168.1.3:73     209.165.200.1:73   209.165.200.1:73
icmp 209.165.200.228:74192.168.1.3:74     209.165.200.1:74   209.165.200.1:74
icmp 209.165.200.228:75192.168.1.3:75     209.165.200.1:75   209.165.200.1:75
icmp 209.165.200.228:76192.168.1.3:76     209.165.200.1:76   209.165.200.1:76
icmp 209.165.200.228:77192.168.1.3:77     209.165.200.1:77   209.165.200.1:77
icmp 209.165.200.228:78192.168.1.3:78     209.165.200.1:78   209.165.200.1:78
icmp 209.165.200.228:79192.168.1.3:79     209.165.200.1:79   209.165.200.1:79
icmp 209.165.200.228:80192.168.1.3:80     209.165.200.1:80   209.165.200.1:80
icmp 209.165.200.228:81192.168.1.3:81     209.165.200.1:81   209.165.200.1:81
icmp 209.165.200.228:82192.168.1.3:82     209.165.200.1:82   209.165.200.1:82
icmp 209.165.200.228:83192.168.1.3:83     209.165.200.1:83   209.165.200.1:83
icmp 209.165.200.228:84192.168.1.3:84     209.165.200.1:84   209.165.200.1:84
icmp 209.165.200.228:85192.168.1.3:85     209.165.200.1:85   209.165.200.1:85
icmp 209.165.200.228:86192.168.1.3:86     209.165.200.1:86   209.165.200.1:86
icmp 209.165.200.228:87192.168.1.3:87     209.165.200.1:87   209.165.200.1:87
icmp 209.165.200.228:88192.168.1.3:88     209.165.200.1:88   209.165.200.1:88
icmp 209.165.200.228:89192.168.1.3:89     209.165.200.1:89   209.165.200.1:89
icmp 209.165.200.228:90192.168.1.3:90     209.165.200.1:90   209.165.200.1:90
icmp 209.165.200.228:91192.168.1.3:91     209.165.200.1:91   209.165.200.1:91
icmp 209.165.200.228:92192.168.1.3:92     209.165.200.1:92   209.165.200.1:92
icmp 209.165.200.228:93192.168.1.3:93     209.165.200.1:93   209.165.200.1:93
icmp 209.165.200.228:94192.168.1.3:94     209.165.200.1:94   209.165.200.1:94
icmp 209.165.200.228:95192.168.1.3:95     209.165.200.1:95   209.165.200.1:95
icmp 209.165.200.228:96192.168.1.3:96     209.165.200.1:96   209.165.200.1:96
icmp 209.165.200.228:97192.168.1.3:97     209.165.200.1:97   209.165.200.1:97
icmp 209.165.200.228:98192.168.1.3:98     209.165.200.1:98   209.165.200.1:98
icmp 209.165.200.228:99192.168.1.3:99     209.165.200.1:99   209.165.200.1:99

R1#clear ip nat translation *

R1#conf t
Enter configuration commands, one per line.  End with CNTL/Z.
R1(config)#no ip nat inside source list 1 pool PUBLIC_ACCESS overload 
R1(config)#no ip nat pool PUBLIC_ACCESS 
R1(config)#ip nat inside source list 1 interface g0/0/0 overload 
R1(config)#exit
R1#
%SYS-5-CONFIG_I: Configured from console by console

R1#show ip nat translations
Pro  Inside global     Inside local       Outside local      Outside global
icmp 209.165.200.230:297192.168.1.3:297    209.165.200.1:297  209.165.200.1:297
icmp 209.165.200.230:298192.168.1.3:298    209.165.200.1:298  209.165.200.1:298
icmp 209.165.200.230:299192.168.1.3:299    209.165.200.1:299  209.165.200.1:299
icmp 209.165.200.230:300192.168.1.3:300    209.165.200.1:300  209.165.200.1:300

R1#
R1#show ip nat translations
Pro  Inside global     Inside local       Outside local      Outside global
icmp 209.165.200.230:1024192.168.1.2:361    209.165.200.1:361  209.165.200.1:1024
icmp 209.165.200.230:1025192.168.1.2:362    209.165.200.1:362  209.165.200.1:1025
icmp 209.165.200.230:1026192.168.1.2:363    209.165.200.1:363  209.165.200.1:1026
icmp 209.165.200.230:1027192.168.1.2:364    209.165.200.1:364  209.165.200.1:1027
icmp 209.165.200.230:1028192.168.1.2:365    209.165.200.1:365  209.165.200.1:1028
icmp 209.165.200.230:1029192.168.1.2:366    209.165.200.1:366  209.165.200.1:1029
icmp 209.165.200.230:1030192.168.1.2:367    209.165.200.1:367  209.165.200.1:1030
icmp 209.165.200.230:1031192.168.1.2:368    209.165.200.1:368  209.165.200.1:1031
icmp 209.165.200.230:1032192.168.1.2:369    209.165.200.1:369  209.165.200.1:1032
icmp 209.165.200.230:1033192.168.1.2:370    209.165.200.1:370  209.165.200.1:1033
icmp 209.165.200.230:1034192.168.1.2:371    209.165.200.1:371  209.165.200.1:1034
icmp 209.165.200.230:1035192.168.1.2:372    209.165.200.1:372  209.165.200.1:1035
icmp 209.165.200.230:1036192.168.1.2:373    209.165.200.1:373  209.165.200.1:1036
icmp 209.165.200.230:1037192.168.1.2:374    209.165.200.1:374  209.165.200.1:1037
icmp 209.165.200.230:1038192.168.1.2:375    209.165.200.1:375  209.165.200.1:1038
icmp 209.165.200.230:1039192.168.1.2:376    209.165.200.1:376  209.165.200.1:1039
icmp 209.165.200.230:1040192.168.1.2:377    209.165.200.1:377  209.165.200.1:1040
icmp 209.165.200.230:1041192.168.1.2:378    209.165.200.1:378  209.165.200.1:1041
icmp 209.165.200.230:1042192.168.1.2:379    209.165.200.1:379  209.165.200.1:1042
icmp 209.165.200.230:1043192.168.1.2:380    209.165.200.1:380  209.165.200.1:1043
icmp 209.165.200.230:1044192.168.1.2:381    209.165.200.1:381  209.165.200.1:1044
icmp 209.165.200.230:1045192.168.1.2:382    209.165.200.1:382  209.165.200.1:1045
icmp 209.165.200.230:1046192.168.1.2:383    209.165.200.1:383  209.165.200.1:1046
icmp 209.165.200.230:1047192.168.1.2:384    209.165.200.1:384  209.165.200.1:1047
icmp 209.165.200.230:1048192.168.1.2:385    209.165.200.1:385  209.165.200.1:1048
icmp 209.165.200.230:1049192.168.1.2:386    209.165.200.1:386  209.165.200.1:1049
icmp 209.165.200.230:1050192.168.1.2:387    209.165.200.1:387  209.165.200.1:1050
icmp 209.165.200.230:1051192.168.1.2:388    209.165.200.1:388  209.165.200.1:1051
icmp 209.165.200.230:1052192.168.1.2:389    209.165.200.1:389  209.165.200.1:1052
icmp 209.165.200.230:1053192.168.1.2:390    209.165.200.1:390  209.165.200.1:1053
icmp 209.165.200.230:1054192.168.1.2:331    209.165.200.1:331  209.165.200.1:1054
icmp 209.165.200.230:1055192.168.1.2:332    209.165.200.1:332  209.165.200.1:1055
icmp 209.165.200.230:1056192.168.1.2:333    209.165.200.1:333  209.165.200.1:1056
icmp 209.165.200.230:1057192.168.1.2:334    209.165.200.1:334  209.165.200.1:1057
icmp 209.165.200.230:1058192.168.1.2:335    209.165.200.1:335  209.165.200.1:1058
icmp 209.165.200.230:1059192.168.1.2:336    209.165.200.1:336  209.165.200.1:1059
icmp 209.165.200.230:1060192.168.1.2:337    209.165.200.1:337  209.165.200.1:1060
icmp 209.165.200.230:1061192.168.1.2:338    209.165.200.1:338  209.165.200.1:1061
icmp 209.165.200.230:1062192.168.1.2:339    209.165.200.1:339  209.165.200.1:1062
icmp 209.165.200.230:1063192.168.1.2:340    209.165.200.1:340  209.165.200.1:1063
icmp 209.165.200.230:1064192.168.1.2:341    209.165.200.1:341  209.165.200.1:1064
icmp 209.165.200.230:1065192.168.1.2:342    209.165.200.1:342  209.165.200.1:1065
icmp 209.165.200.230:1066192.168.1.2:343    209.165.200.1:343  209.165.200.1:1066
icmp 209.165.200.230:1067192.168.1.2:344    209.165.200.1:344  209.165.200.1:1067
icmp 209.165.200.230:1068192.168.1.2:345    209.165.200.1:345  209.165.200.1:1068
icmp 209.165.200.230:1069192.168.1.2:346    209.165.200.1:346  209.165.200.1:1069
icmp 209.165.200.230:1070192.168.1.2:347    209.165.200.1:347  209.165.200.1:1070
icmp 209.165.200.230:1071192.168.1.2:348    209.165.200.1:348  209.165.200.1:1071
icmp 209.165.200.230:1072192.168.1.2:349    209.165.200.1:349  209.165.200.1:1072
icmp 209.165.200.230:1073192.168.1.2:350    209.165.200.1:350  209.165.200.1:1073
icmp 209.165.200.230:1074192.168.1.2:351    209.165.200.1:351  209.165.200.1:1074
icmp 209.165.200.230:1075192.168.1.2:352    209.165.200.1:352  209.165.200.1:1075
icmp 209.165.200.230:1076192.168.1.2:353    209.165.200.1:353  209.165.200.1:1076
icmp 209.165.200.230:1077192.168.1.2:354    209.165.200.1:354  209.165.200.1:1077
icmp 209.165.200.230:1078192.168.1.2:355    209.165.200.1:355  209.165.200.1:1078
icmp 209.165.200.230:1079192.168.1.2:356    209.165.200.1:356  209.165.200.1:1079
icmp 209.165.200.230:1080192.168.1.2:357    209.165.200.1:357  209.165.200.1:1080
icmp 209.165.200.230:1081192.168.1.2:358    209.165.200.1:358  209.165.200.1:1081
icmp 209.165.200.230:1082192.168.1.2:359    209.165.200.1:359  209.165.200.1:1082
icmp 209.165.200.230:1083192.168.1.2:360    209.165.200.1:360  209.165.200.1:1083
icmp 209.165.200.230:16192.168.1.11:16    209.165.200.1:16   209.165.200.1:16
icmp 209.165.200.230:17192.168.1.11:17    209.165.200.1:17   209.165.200.1:17
icmp 209.165.200.230:18192.168.1.11:18    209.165.200.1:18   209.165.200.1:18
icmp 209.165.200.230:19192.168.1.11:19    209.165.200.1:19   209.165.200.1:19
icmp 209.165.200.230:20192.168.1.11:20    209.165.200.1:20   209.165.200.1:20
icmp 209.165.200.230:342192.168.1.3:342    209.165.200.1:342  209.165.200.1:342
icmp 209.165.200.230:343192.168.1.3:343    209.165.200.1:343  209.165.200.1:343
icmp 209.165.200.230:344192.168.1.3:344    209.165.200.1:344  209.165.200.1:344
icmp 209.165.200.230:345192.168.1.3:345    209.165.200.1:345  209.165.200.1:345
icmp 209.165.200.230:346192.168.1.3:346    209.165.200.1:346  209.165.200.1:346
icmp 209.165.200.230:347192.168.1.3:347    209.165.200.1:347  209.165.200.1:347
icmp 209.165.200.230:348192.168.1.3:348    209.165.200.1:348  209.165.200.1:348
icmp 209.165.200.230:349192.168.1.3:349    209.165.200.1:349  209.165.200.1:349
icmp 209.165.200.230:350192.168.1.3:350    209.165.200.1:350  209.165.200.1:350
icmp 209.165.200.230:351192.168.1.3:351    209.165.200.1:351  209.165.200.1:351
icmp 209.165.200.230:352192.168.1.3:352    209.165.200.1:352  209.165.200.1:352
icmp 209.165.200.230:353192.168.1.3:353    209.165.200.1:353  209.165.200.1:353
icmp 209.165.200.230:354192.168.1.3:354    209.165.200.1:354  209.165.200.1:354
icmp 209.165.200.230:355192.168.1.3:355    209.165.200.1:355  209.165.200.1:355
icmp 209.165.200.230:356192.168.1.3:356    209.165.200.1:356  209.165.200.1:356
icmp 209.165.200.230:357192.168.1.3:357    209.165.200.1:357  209.165.200.1:357
icmp 209.165.200.230:358192.168.1.3:358    209.165.200.1:358  209.165.200.1:358
icmp 209.165.200.230:359192.168.1.3:359    209.165.200.1:359  209.165.200.1:359
icmp 209.165.200.230:360192.168.1.3:360    209.165.200.1:360  209.165.200.1:360
icmp 209.165.200.230:361192.168.1.3:361    209.165.200.1:361  209.165.200.1:361
icmp 209.165.200.230:362192.168.1.3:362    209.165.200.1:362  209.165.200.1:362
icmp 209.165.200.230:363192.168.1.3:363    209.165.200.1:363  209.165.200.1:363
icmp 209.165.200.230:364192.168.1.3:364    209.165.200.1:364  209.165.200.1:364
icmp 209.165.200.230:365192.168.1.3:365    209.165.200.1:365  209.165.200.1:365
icmp 209.165.200.230:366192.168.1.3:366    209.165.200.1:366  209.165.200.1:366
icmp 209.165.200.230:367192.168.1.3:367    209.165.200.1:367  209.165.200.1:367
icmp 209.165.200.230:368192.168.1.3:368    209.165.200.1:368  209.165.200.1:368
icmp 209.165.200.230:369192.168.1.3:369    209.165.200.1:369  209.165.200.1:369
icmp 209.165.200.230:370192.168.1.3:370    209.165.200.1:370  209.165.200.1:370
icmp 209.165.200.230:371192.168.1.3:371    209.165.200.1:371  209.165.200.1:371
icmp 209.165.200.230:372192.168.1.3:372    209.165.200.1:372  209.165.200.1:372
icmp 209.165.200.230:373192.168.1.3:373    209.165.200.1:373  209.165.200.1:373
icmp 209.165.200.230:374192.168.1.3:374    209.165.200.1:374  209.165.200.1:374
icmp 209.165.200.230:375192.168.1.3:375    209.165.200.1:375  209.165.200.1:375
icmp 209.165.200.230:376192.168.1.3:376    209.165.200.1:376  209.165.200.1:376
icmp 209.165.200.230:377192.168.1.3:377    209.165.200.1:377  209.165.200.1:377
icmp 209.165.200.230:378192.168.1.3:378    209.165.200.1:378  209.165.200.1:378
icmp 209.165.200.230:379192.168.1.3:379    209.165.200.1:379  209.165.200.1:379
icmp 209.165.200.230:380192.168.1.3:380    209.165.200.1:380  209.165.200.1:380
icmp 209.165.200.230:381192.168.1.3:381    209.165.200.1:381  209.165.200.1:381
icmp 209.165.200.230:382192.168.1.3:382    209.165.200.1:382  209.165.200.1:382
icmp 209.165.200.230:383192.168.1.3:383    209.165.200.1:383  209.165.200.1:383
icmp 209.165.200.230:384192.168.1.3:384    209.165.200.1:384  209.165.200.1:384
icmp 209.165.200.230:385192.168.1.3:385    209.165.200.1:385  209.165.200.1:385
icmp 209.165.200.230:386192.168.1.3:386    209.165.200.1:386  209.165.200.1:386
icmp 209.165.200.230:387192.168.1.3:387    209.165.200.1:387  209.165.200.1:387
icmp 209.165.200.230:388192.168.1.3:388    209.165.200.1:388  209.165.200.1:388
icmp 209.165.200.230:389192.168.1.3:389    209.165.200.1:389  209.165.200.1:389
icmp 209.165.200.230:390192.168.1.3:390    209.165.200.1:390  209.165.200.1:390
icmp 209.165.200.230:391192.168.1.3:391    209.165.200.1:391  209.165.200.1:391
icmp 209.165.200.230:392192.168.1.3:392    209.165.200.1:392  209.165.200.1:392
icmp 209.165.200.230:393192.168.1.3:393    209.165.200.1:393  209.165.200.1:393
icmp 209.165.200.230:394192.168.1.3:394    209.165.200.1:394  209.165.200.1:394
icmp 209.165.200.230:395192.168.1.3:395    209.165.200.1:395  209.165.200.1:395
icmp 209.165.200.230:396192.168.1.3:396    209.165.200.1:396  209.165.200.1:396
icmp 209.165.200.230:397192.168.1.3:397    209.165.200.1:397  209.165.200.1:397
icmp 209.165.200.230:398192.168.1.3:398    209.165.200.1:398  209.165.200.1:398
icmp 209.165.200.230:399192.168.1.3:399    209.165.200.1:399  209.165.200.1:399
icmp 209.165.200.230:400192.168.1.3:400    209.165.200.1:400  209.165.200.1:400

R1#clear ip nat translation *
R1#

R1#config t
Enter configuration commands, one per line.  End with CNTL/Z.
R1(config)#ip nat inside source static 192.168.1.2 209.165.200.229
R1(config)#

R1#
R1#show ip nat translations
Pro  Inside global     Inside local       Outside local      Outside global
---  209.165.200.229   192.168.1.2        ---                ---

R1#

R1#show ip nat translations
Pro  Inside global     Inside local       Outside local      Outside global
icmp 209.165.200.229:4 192.168.1.2:4      209.165.200.225:4  209.165.200.225:4
icmp 209.165.200.229:5 192.168.1.2:5      209.165.200.225:5  209.165.200.225:5
icmp 209.165.200.229:6 192.168.1.2:6      209.165.200.225:6  209.165.200.225:6
icmp 209.165.200.229:7 192.168.1.2:7      209.165.200.225:7  209.165.200.225:7
---  209.165.200.229   192.168.1.2        ---                ---

R1#
